2025-04-01 20:27:49,673 - __main__ - INFO - Data loaded successfully.
2025-04-01 20:27:59,747 - urllib3.connectionpool - WARNING - Retrying (Retry(total=6, connect=6, read=7, redirect=7, status=7)) after connection broken by 'NameResolutionError("<urllib3.connection.HTTPConnection object at 0x7eff9a1ed3a0>: Failed to resolve 'mlflow' ([Errno -3] Temporary failure in name resolution)")': /api/2.0/mlflow/experiments/get-by-name?experiment_name=ML_Project_Training
2025-04-01 20:28:14,219 - urllib3.connectionpool - WARNING - Retrying (Retry(total=5, connect=5, read=7, redirect=7, status=7)) after connection broken by 'NameResolutionError("<urllib3.connection.HTTPConnection object at 0x7eff9d4450d0>: Failed to resolve 'mlflow' ([Errno -3] Temporary failure in name resolution)")': /api/2.0/mlflow/experiments/get-by-name?experiment_name=ML_Project_Training
2025-04-01 20:28:32,671 - urllib3.connectionpool - WARNING - Retrying (Retry(total=4, connect=4, read=7, redirect=7, status=7)) after connection broken by 'NameResolutionError("<urllib3.connection.HTTPConnection object at 0x7eff99c4eea0>: Failed to resolve 'mlflow' ([Errno -3] Temporary failure in name resolution)")': /api/2.0/mlflow/experiments/get-by-name?experiment_name=ML_Project_Training
2025-04-01 20:28:58,983 - urllib3.connectionpool - WARNING - Retrying (Retry(total=3, connect=3, read=7, redirect=7, status=7)) after connection broken by 'NameResolutionError("<urllib3.connection.HTTPConnection object at 0x7eff99375670>: Failed to resolve 'mlflow' ([Errno -3] Temporary failure in name resolution)")': /api/2.0/mlflow/experiments/get-by-name?experiment_name=ML_Project_Training
2025-04-01 20:29:41,621 - urllib3.connectionpool - WARNING - Retrying (Retry(total=2, connect=2, read=7, redirect=7, status=7)) after connection broken by 'NameResolutionError("<urllib3.connection.HTTPConnection object at 0x7eff993756d0>: Failed to resolve 'mlflow' ([Errno -3] Temporary failure in name resolution)")': /api/2.0/mlflow/experiments/get-by-name?experiment_name=ML_Project_Training
2025-04-01 20:30:56,631 - urllib3.connectionpool - WARNING - Retrying (Retry(total=1, connect=1, read=7, redirect=7, status=7)) after connection broken by 'NameResolutionError("<urllib3.connection.HTTPConnection object at 0x7eff99374ef0>: Failed to resolve 'mlflow' ([Errno -3] Temporary failure in name resolution)")': /api/2.0/mlflow/experiments/get-by-name?experiment_name=ML_Project_Training
2025-04-01 20:33:06,736 - urllib3.connectionpool - WARNING - Retrying (Retry(total=0, connect=0, read=7, redirect=7, status=7)) after connection broken by 'NameResolutionError("<urllib3.connection.HTTPConnection object at 0x7eff99376c60>: Failed to resolve 'mlflow' ([Errno -3] Temporary failure in name resolution)")': /api/2.0/mlflow/experiments/get-by-name?experiment_name=ML_Project_Training
2025-04-02 03:33:23,778 - __main__ - INFO - Data loaded successfully.
2025-04-02 03:33:23,967 - __main__ - INFO - Starting Model Training...
2025-04-02 03:33:23,968 - __main__ - INFO - Training Linear_Regression...
2025-04-02 03:33:30,011 - __main__ - INFO - Linear_Regression training completed.
2025-04-02 03:33:30,011 - __main__ - INFO - Training Random_Forest...
2025-04-02 03:33:35,292 - __main__ - INFO - Random_Forest training completed.
2025-04-02 03:33:35,292 - __main__ - INFO - Training Decision_Tree...
2025-04-02 03:33:40,393 - __main__ - INFO - Decision_Tree training completed.
2025-04-02 03:33:40,394 - __main__ - INFO - All models trained and saved.
2025-04-02 03:33:40,394 - __main__ - INFO - Training completed.
2025-04-04 01:10:21,602 - __main__ - ERROR - Error loading data: [Errno 2] No such file or directory: './data/processed/X_train.npy'
2025-04-11 13:42:31,890 - __main__ - INFO - Data loaded successfully.
2025-04-11 13:42:32,176 - __main__ - INFO - Starting Model Training...
2025-04-11 13:42:32,176 - __main__ - INFO - Training Linear_Regression...
2025-04-11 13:42:42,014 - __main__ - INFO - Linear_Regression training completed.
2025-04-11 13:42:42,015 - __main__ - INFO - Training Random_Forest...
2025-04-11 13:42:50,833 - __main__ - INFO - Random_Forest training completed.
2025-04-11 13:42:50,833 - __main__ - INFO - Training Decision_Tree...
2025-04-11 13:42:58,250 - __main__ - INFO - Decision_Tree training completed.
2025-04-11 13:42:58,251 - __main__ - INFO - All models trained and saved.
2025-04-11 13:42:58,251 - __main__ - INFO - Training completed.
2025-04-11 19:34:02,105 - __main__ - INFO - Data loaded successfully.
2025-04-11 19:34:02,368 - __main__ - INFO - Starting Model Training...
2025-04-11 19:34:02,369 - __main__ - INFO - Training Linear_Regression...
2025-04-11 19:34:11,205 - __main__ - INFO - Linear_Regression training completed.
2025-04-11 19:34:11,206 - __main__ - INFO - Training Random_Forest...
2025-04-11 19:34:19,361 - __main__ - INFO - Random_Forest training completed.
2025-04-11 19:34:19,362 - __main__ - INFO - Training Decision_Tree...
2025-04-11 19:34:26,985 - __main__ - INFO - Decision_Tree training completed.
2025-04-11 19:34:26,985 - __main__ - INFO - All models trained and saved.
2025-04-11 19:34:26,986 - __main__ - INFO - Training completed.
2025-04-11 19:42:28,316 - __main__ - INFO - Data loaded successfully.
2025-04-11 19:42:28,617 - __main__ - INFO - Starting Model Training...
2025-04-11 19:42:28,618 - __main__ - INFO - Training Linear_Regression...
2025-04-11 19:42:38,096 - __main__ - INFO - Linear_Regression training completed.
2025-04-11 19:42:38,097 - __main__ - INFO - Training Random_Forest...
2025-04-11 19:42:46,898 - __main__ - INFO - Random_Forest training completed.
2025-04-11 19:42:46,899 - __main__ - INFO - Training Decision_Tree...
2025-04-11 19:42:55,634 - __main__ - INFO - Decision_Tree training completed.
2025-04-11 19:42:55,634 - __main__ - INFO - All models trained and saved.
2025-04-11 19:42:55,635 - __main__ - INFO - Training completed.
2025-04-13 02:03:53,837 - src.ml_utils.monitoring - INFO - ✅ Starting Prometheus monitoring server on port 8002...
2025-04-13 02:03:53,840 - __main__ - INFO - Data loaded successfully.
2025-04-13 02:03:53,852 - urllib3.connectionpool - WARNING - Retrying (Retry(total=6, connect=6, read=7, redirect=7, status=7)) after connection broken by 'NewConnectionError('<urllib3.connection.HTTPConnection object at 0x7fdc385363a0>: Failed to establish a new connection: [Errno 111] Connection refused')': /api/2.0/mlflow/experiments/get-by-name?experiment_name=ML_Project_Training
2025-04-13 02:03:58,085 - urllib3.connectionpool - WARNING - Retrying (Retry(total=5, connect=5, read=7, redirect=7, status=7)) after connection broken by 'NewConnectionError('<urllib3.connection.HTTPConnection object at 0x7fdc38536df0>: Failed to establish a new connection: [Errno 111] Connection refused')': /api/2.0/mlflow/experiments/get-by-name?experiment_name=ML_Project_Training
2025-04-13 02:03:58,286 - __main__ - INFO - Starting Model Training...
2025-04-13 02:03:58,286 - __main__ - INFO - Training Linear_Regression...
2025-04-13 02:04:05,276 - __main__ - INFO - Linear_Regression training completed.
2025-04-13 02:04:05,277 - __main__ - INFO - Training Random_Forest...
2025-04-13 02:04:11,622 - __main__ - INFO - Random_Forest training completed.
2025-04-13 02:04:11,623 - __main__ - INFO - Training Decision_Tree...
2025-04-13 02:04:18,479 - __main__ - INFO - Decision_Tree training completed.
2025-04-13 02:04:18,480 - __main__ - INFO - All models trained and saved.
2025-04-13 02:04:18,480 - __main__ - INFO - Training completed.
2025-04-13 02:27:04,929 - src.ml_utils.monitoring - INFO - ✅ Starting Prometheus monitoring server on port 8002...
2025-04-13 02:27:04,931 - __main__ - INFO - Data loaded successfully.
2025-04-13 02:27:05,144 - __main__ - INFO - Starting Model Training...
2025-04-13 02:27:05,144 - __main__ - INFO - Training Linear_Regression...
2025-04-13 02:27:12,444 - __main__ - INFO - Linear_Regression training completed.
2025-04-13 02:27:12,444 - __main__ - INFO - Training Random_Forest...
2025-04-13 02:27:19,334 - __main__ - INFO - Random_Forest training completed.
2025-04-13 02:27:19,335 - __main__ - INFO - Training Decision_Tree...
2025-04-13 02:27:25,267 - __main__ - INFO - Decision_Tree training completed.
2025-04-13 02:27:25,268 - __main__ - INFO - All models trained and saved.
2025-04-13 02:27:25,269 - __main__ - INFO - Training completed.
2025-04-13 02:35:21,593 - src.ml_utils.monitoring - INFO - ✅ Starting Prometheus WSGI monitoring server on port 8002...
2025-04-13 02:35:21,595 - __main__ - INFO - ✅ Prometheus monitoring server started.
2025-04-13 02:35:21,599 - __main__ - INFO - Data loaded successfully.
2025-04-13 02:35:21,612 - urllib3.connectionpool - WARNING - Retrying (Retry(total=6, connect=6, read=7, redirect=7, status=7)) after connection broken by 'NewConnectionError('<urllib3.connection.HTTPConnection object at 0x7f89bdd211f0>: Failed to establish a new connection: [Errno 111] Connection refused')': /api/2.0/mlflow/experiments/get-by-name?experiment_name=ML_Project_Training
2025-04-13 02:35:26,123 - urllib3.connectionpool - WARNING - Retrying (Retry(total=5, connect=5, read=7, redirect=7, status=7)) after connection broken by 'NewConnectionError('<urllib3.connection.HTTPConnection object at 0x7f89bdd212e0>: Failed to establish a new connection: [Errno 111] Connection refused')': /api/2.0/mlflow/experiments/get-by-name?experiment_name=ML_Project_Training
2025-04-13 02:35:26,428 - __main__ - INFO - 📦 Starting Model Training...
2025-04-13 02:35:26,430 - __main__ - INFO - 🚀 Training Linear_Regression...
2025-04-13 02:35:33,898 - __main__ - INFO - ✅ Linear_Regression training completed.
2025-04-13 02:35:33,899 - __main__ - INFO - 🚀 Training Random_Forest...
2025-04-13 02:35:40,253 - __main__ - INFO - ✅ Random_Forest training completed.
2025-04-13 02:35:40,254 - __main__ - INFO - 🚀 Training Decision_Tree...
2025-04-13 02:35:46,503 - __main__ - INFO - ✅ Decision_Tree training completed.
2025-04-13 02:35:46,503 - __main__ - INFO - 🎉 All models trained and saved.
2025-04-13 02:35:46,503 - __main__ - INFO - ✅ Training script finished.
2025-04-13 02:59:56,439 - src.ml_utils.monitoring - INFO - ✅ Starting Prometheus WSGI monitoring server on port 8002...
2025-04-13 02:59:56,444 - __main__ - INFO - ✅ Prometheus monitoring server started.
2025-04-13 02:59:56,450 - __main__ - INFO - Data loaded successfully.
2025-04-13 02:59:56,463 - urllib3.connectionpool - WARNING - Retrying (Retry(total=6, connect=6, read=7, redirect=7, status=7)) after connection broken by 'NewConnectionError('<urllib3.connection.HTTPConnection object at 0x7f423d76c490>: Failed to establish a new connection: [Errno 111] Connection refused')': /api/2.0/mlflow/experiments/get-by-name?experiment_name=ML_Project_Training
2025-04-13 03:00:01,091 - urllib3.connectionpool - WARNING - Retrying (Retry(total=5, connect=5, read=7, redirect=7, status=7)) after connection broken by 'NewConnectionError('<urllib3.connection.HTTPConnection object at 0x7f423d76c580>: Failed to establish a new connection: [Errno 111] Connection refused')': /api/2.0/mlflow/experiments/get-by-name?experiment_name=ML_Project_Training
2025-04-13 03:00:01,315 - __main__ - INFO - 📦 Starting Model Training...
2025-04-13 03:00:01,329 - __main__ - INFO - 🚀 Training Linear_Regression...
2025-04-13 03:00:07,318 - __main__ - INFO - ✅ Linear_Regression training completed.
2025-04-13 03:00:07,318 - __main__ - INFO - 🚀 Training Random_Forest...
2025-04-13 03:00:13,496 - __main__ - INFO - ✅ Random_Forest training completed.
2025-04-13 03:00:13,496 - __main__ - INFO - 🚀 Training Decision_Tree...
2025-04-13 03:00:19,210 - __main__ - INFO - ✅ Decision_Tree training completed.
2025-04-13 03:00:19,211 - __main__ - INFO - 🎉 All models trained and saved.
2025-04-13 03:00:19,211 - __main__ - INFO - ✅ Training script finished.
2025-04-13 03:15:41,511 - src.ml_utils.monitoring - INFO - ✅ Starting Prometheus WSGI monitoring server on port 8002...
2025-04-13 03:15:41,513 - __main__ - INFO - ✅ Prometheus monitoring server started.
2025-04-13 03:15:41,534 - __main__ - INFO - Data loaded successfully.
2025-04-13 03:15:44,500 - __main__ - INFO - 📦 Starting Model Training...
2025-04-13 03:15:44,500 - __main__ - INFO - 🚀 Training Linear_Regression...
2025-04-13 03:15:53,295 - __main__ - INFO - ✅ Linear_Regression training completed.
2025-04-13 03:15:53,295 - __main__ - INFO - 🚀 Training Random_Forest...
2025-04-13 03:16:01,583 - __main__ - INFO - ✅ Random_Forest training completed.
2025-04-13 03:16:01,584 - __main__ - INFO - 🚀 Training Decision_Tree...
2025-04-13 03:16:08,982 - __main__ - INFO - ✅ Decision_Tree training completed.
2025-04-13 03:16:08,982 - __main__ - INFO - 🎉 All models trained and saved.
2025-04-13 03:16:08,982 - __main__ - INFO - ✅ Training script finished.
2025-04-15 17:48:21,256 - src.ml_utils.monitoring - INFO - ✅ Starting Prometheus WSGI monitoring server on port 8002...
2025-04-15 17:48:21,258 - __main__ - INFO - ✅ Prometheus monitoring server started.
2025-04-15 17:48:21,260 - __main__ - INFO - Data loaded successfully.
2025-04-15 17:48:21,278 - urllib3.connectionpool - WARNING - Retrying (Retry(total=6, connect=6, read=7, redirect=7, status=7)) after connection broken by 'NewConnectionError('<urllib3.connection.HTTPConnection object at 0x7f4e8401eeb0>: Failed to establish a new connection: [Errno 111] Connection refused')': /api/2.0/mlflow/experiments/get-by-name?experiment_name=ML_Project_Training
2025-04-15 17:48:25,600 - urllib3.connectionpool - WARNING - Retrying (Retry(total=5, connect=5, read=7, redirect=7, status=7)) after connection broken by 'NewConnectionError('<urllib3.connection.HTTPConnection object at 0x7f4e8401e070>: Failed to establish a new connection: [Errno 111] Connection refused')': /api/2.0/mlflow/experiments/get-by-name?experiment_name=ML_Project_Training
2025-04-15 17:48:26,298 - __main__ - INFO - 📦 Starting Model Training...
2025-04-15 17:48:26,298 - __main__ - INFO - 🚀 Training Linear_Regression...
2025-04-15 17:48:36,171 - __main__ - INFO - ✅ Linear_Regression training completed.
2025-04-15 17:48:36,171 - __main__ - INFO - 🚀 Training Random_Forest...
2025-04-15 17:48:44,821 - __main__ - INFO - ✅ Random_Forest training completed.
2025-04-15 17:48:44,822 - __main__ - INFO - 🚀 Training Decision_Tree...
2025-04-15 17:48:52,796 - __main__ - INFO - ✅ Decision_Tree training completed.
2025-04-15 17:48:52,796 - __main__ - INFO - 🎉 All models trained and saved.
2025-04-15 17:48:52,796 - __main__ - INFO - ✅ Training script finished.
2025-04-16 15:17:46,078 - src.ml_utils.monitoring - INFO - ✅ Starting Prometheus WSGI monitoring server on port 8002...
2025-04-16 15:17:46,080 - __main__ - INFO - ✅ Prometheus monitoring server started.
2025-04-16 15:17:46,085 - __main__ - INFO - Data loaded successfully.
2025-04-16 15:17:46,100 - urllib3.connectionpool - WARNING - Retrying (Retry(total=6, connect=6, read=7, redirect=7, status=7)) after connection broken by 'NewConnectionError('<urllib3.connection.HTTPConnection object at 0x7f0a47badca0>: Failed to establish a new connection: [Errno 111] Connection refused')': /api/2.0/mlflow/experiments/get-by-name?experiment_name=ML_Project_Training
2025-04-16 15:17:50,182 - urllib3.connectionpool - WARNING - Retrying (Retry(total=5, connect=5, read=7, redirect=7, status=7)) after connection broken by 'NewConnectionError('<urllib3.connection.HTTPConnection object at 0x7f0a47bad8b0>: Failed to establish a new connection: [Errno 111] Connection refused')': /api/2.0/mlflow/experiments/get-by-name?experiment_name=ML_Project_Training
2025-04-16 15:17:50,467 - __main__ - INFO - 📦 Starting Model Training...
2025-04-16 15:17:50,467 - __main__ - INFO - 🚀 Training Linear_Regression...
2025-04-16 15:18:00,481 - __main__ - INFO - ✅ Linear_Regression training completed.
2025-04-16 15:18:00,481 - __main__ - INFO - 🚀 Training Random_Forest...
2025-04-16 15:18:10,296 - __main__ - INFO - ✅ Random_Forest training completed.
2025-04-16 15:18:10,297 - __main__ - INFO - 🚀 Training Decision_Tree...
2025-04-16 15:18:18,819 - __main__ - INFO - ✅ Decision_Tree training completed.
2025-04-16 15:18:18,823 - __main__ - INFO - 🎉 All models trained and saved.
2025-04-16 15:18:18,823 - __main__ - INFO - ✅ Training script finished.
2025-04-16 17:14:30,607 - src.ml_utils.monitoring - INFO - ✅ Starting Prometheus WSGI monitoring server on port 8002...
2025-04-16 17:14:30,609 - __main__ - INFO - ✅ Prometheus monitoring server started.
2025-04-16 17:14:30,610 - __main__ - INFO - Data loaded successfully.
2025-04-16 17:14:30,802 - __main__ - INFO - 📦 Starting Model Training...
2025-04-16 17:14:30,803 - __main__ - INFO - 🚀 Training Linear_Regression...
2025-04-16 17:14:37,470 - __main__ - INFO - ✅ Linear_Regression training completed.
2025-04-16 17:14:37,471 - __main__ - INFO - 🚀 Training Random_Forest...
2025-04-16 17:14:43,707 - __main__ - INFO - ✅ Random_Forest training completed.
2025-04-16 17:14:43,707 - __main__ - INFO - 🚀 Training Decision_Tree...
2025-04-16 17:14:50,075 - __main__ - INFO - ✅ Decision_Tree training completed.
2025-04-16 17:14:50,075 - __main__ - INFO - 🎉 All models trained and saved.
2025-04-16 17:14:50,075 - __main__ - INFO - ✅ Training script finished.
2025-04-17 00:00:21,176 - src.ml_utils.monitoring - INFO - ✅ Starting Prometheus WSGI monitoring server on port 8002...
2025-04-17 00:00:21,179 - __main__ - INFO - ✅ Prometheus monitoring server started.
2025-04-17 00:00:21,186 - __main__ - INFO - Data loaded successfully.
2025-04-17 00:00:21,665 - __main__ - INFO - 📦 Starting Model Training...
2025-04-17 00:00:21,665 - __main__ - INFO - 🚀 Training Linear_Regression...
2025-04-17 00:00:31,070 - __main__ - INFO - ✅ Linear_Regression training completed.
2025-04-17 00:00:31,070 - __main__ - INFO - 🚀 Training Random_Forest...
2025-04-17 00:00:39,150 - __main__ - INFO - ✅ Random_Forest training completed.
2025-04-17 00:00:39,151 - __main__ - INFO - 🚀 Training Decision_Tree...
2025-04-17 00:00:46,406 - __main__ - INFO - ✅ Decision_Tree training completed.
2025-04-17 00:00:46,406 - __main__ - INFO - 🎉 All models trained and saved.
2025-04-17 00:00:46,406 - __main__ - INFO - ✅ Training script finished.
2025-04-17 03:11:04,846 - src.ml_utils.monitoring - INFO - ✅ Starting Prometheus WSGI monitoring server on port 8002...
2025-04-17 03:11:04,847 - __main__ - INFO - ✅ Prometheus monitoring server started.
2025-04-17 03:11:04,850 - __main__ - INFO - Data loaded successfully.
2025-04-17 03:11:05,200 - __main__ - INFO - 📦 Starting Model Training...
2025-04-17 03:11:05,200 - __main__ - INFO - 🚀 Training Linear_Regression...
2025-04-17 03:11:12,474 - __main__ - INFO - ✅ Linear_Regression training completed.
2025-04-17 03:11:12,475 - __main__ - INFO - 🚀 Training Random_Forest...
2025-04-17 03:11:18,484 - __main__ - INFO - ✅ Random_Forest training completed.
2025-04-17 03:11:18,484 - __main__ - INFO - 🚀 Training Decision_Tree...
2025-04-17 03:11:24,018 - __main__ - INFO - ✅ Decision_Tree training completed.
2025-04-17 03:11:24,018 - __main__ - INFO - 🎉 All models trained and saved.
2025-04-17 03:11:24,018 - __main__ - INFO - ✅ Training script finished.
2025-04-17 03:29:05,995 - src.ml_utils.monitoring - INFO - ✅ Starting Prometheus WSGI monitoring server on port 8002...
2025-04-17 03:29:05,997 - __main__ - INFO - ✅ Prometheus monitoring server started.
2025-04-17 03:29:06,001 - __main__ - INFO - Data loaded successfully.
2025-04-17 03:29:06,268 - __main__ - INFO - 📦 Starting Model Training...
2025-04-17 03:29:06,268 - __main__ - INFO - 🚀 Training Linear_Regression...
2025-04-17 03:29:13,099 - __main__ - INFO - ✅ Linear_Regression training completed.
2025-04-17 03:29:13,099 - __main__ - INFO - 🚀 Training Random_Forest...
2025-04-17 03:29:19,166 - __main__ - INFO - ✅ Random_Forest training completed.
2025-04-17 03:29:19,167 - __main__ - INFO - 🚀 Training Decision_Tree...
2025-04-17 03:29:24,761 - __main__ - INFO - ✅ Decision_Tree training completed.
2025-04-17 03:29:24,762 - __main__ - INFO - 🎉 All models trained and saved.
2025-04-17 03:29:24,762 - __main__ - INFO - ✅ Training script finished.
